
> bhagwadgita-web@0.1.0 build
> next build

Γû▓ Next.js 16.1.6 (Turbopack)
- Environments: .env.local

  Creating an optimized production build ...
node.exe : 
At line:1 char:1
+ & "C:\Program 
Files\nodejs/node.exe" 
"C:\Program 
Files\nodejs/node_mo ...
+ ~~~~~~~~~~~~~~~~~~~~~~~~~~~
~~~~~~~~~~~~~~~~~~~~~~~~~~~~~
~~~~~~~~~~~~~
    + CategoryInfo           
   : NotSpecified: (:String  
  ) [], RemoteException
    + FullyQualifiedErrorId  
   : NativeCommandError
 
> Build error occurred
Error: Turbopack build 
failed with 2 errors:
./app/api/auth/[...nextauth]/
route.js:4:1
Module not found: Can't 
resolve 
'../../../../../lib/mongodb'
[0m [90m 2 |[39m 
[36mimport[39m [33mCredent
ialsProvider[39m 
[36mfrom[39m [32m"next-aut
h/providers/credentials"[39m
[33m;[39m
 [90m 3 |[39m 
[36mimport[39m bcrypt 
[36mfrom[39m [32m"bcryptjs
"[39m[33m;[39m
[31m[1m>[22m[39m[90m 4 
|[39m [36mimport[39m 
connectDB [36mfrom[39m [32
m"../../../../../lib/mongodb"
[39m[33m;[39m
 [90m   |[39m [31m[1m^[2
2m[39m[31m[1m^[22m[39m[
31m[1m^[22m[39m[31m[1m^
[22m[39m[31m[1m^[22m[39m
[31m[1m^[22m[39m[31m[1m
^[22m[39m[31m[1m^[22m[3
9m[31m[1m^[22m[39m[31m[
1m^[22m[39m[31m[1m^[22m
[39m[31m[1m^[22m[39m[31m
[1m^[22m[39m[31m[1m^[22
m[39m[31m[1m^[22m[39m[3
1m[1m^[22m[39m[31m[1m^[
22m[39m[31m[1m^[22m[39m
[31m[1m^[22m[39m[31m[1m^
[22m[39m[31m[1m^[22m[39
m[31m[1m^[22m[39m[31m[1
m^[22m[39m[31m[1m^[22m[
39m[31m[1m^[22m[39m[31m
[1m^[22m[39m[31m[1m^[22m
[39m[31m[1m^[22m[39m[31
m[1m^[22m[39m[31m[1m^[2
2m[39m[31m[1m^[22m[39m[
31m[1m^[22m[39m[31m[1m^
[22m[39m[31m[1m^[22m[39m
[31m[1m^[22m[39m[31m[1m
^[22m[39m[31m[1m^[22m[3
9m[31m[1m^[22m[39m[31m[
1m^[22m[39m[31m[1m^[22m
[39m[31m[1m^[22m[39m[31m
[1m^[22m[39m[31m[1m^[22
m[39m[31m[1m^[22m[39m[3
1m[1m^[22m[39m[31m[1m^[
22m[39m[31m[1m^[22m[39m
[31m[1m^[22m[39m[31m[1m^
[22m[39m[31m[1m^[22m[39
m[31m[1m^[22m[39m
 [90m 5 |[39m 
[36mimport[39m 
[33mUser[39m 
[36mfrom[39m [32m"../../..
/../../models/User"[39m[33m
;[39m
 [90m 6 |[39m
 [90m 7 |[39m 
[36mexport[39m 
[36mconst[39m authOptions 
[33m=[39m {[0m



https://nextjs.org/docs/messa
ges/module-not-found


./app/api/auth/[...nextauth]/
route.js:5:1
Module not found: Can't 
resolve 
'../../../../../models/User'
[0m [90m 3 |[39m 
[36mimport[39m bcrypt 
[36mfrom[39m [32m"bcryptjs
"[39m[33m;[39m
 [90m 4 |[39m 
[36mimport[39m connectDB 
[36mfrom[39m [32m"../../..
/../../lib/mongodb"[39m[33m
;[39m
[31m[1m>[22m[39m[90m 5 
|[39m [36mimport[39m 
[33mUser[39m 
[36mfrom[39m [32m"../../..
/../../models/User"[39m[33m
;[39m
 [90m   |[39m [31m[1m^[2
2m[39m[31m[1m^[22m[39m[
31m[1m^[22m[39m[31m[1m^
[22m[39m[31m[1m^[22m[39m
[31m[1m^[22m[39m[31m[1m
^[22m[39m[31m[1m^[22m[3
9m[31m[1m^[22m[39m[31m[
1m^[22m[39m[31m[1m^[22m
[39m[31m[1m^[22m[39m[31m
[1m^[22m[39m[31m[1m^[22
m[39m[31m[1m^[22m[39m[3
1m[1m^[22m[39m[31m[1m^[
22m[39m[31m[1m^[22m[39m
[31m[1m^[22m[39m[31m[1m^
[22m[39m[31m[1m^[22m[39
m[31m[1m^[22m[39m[31m[1
m^[22m[39m[31m[1m^[22m[
39m[31m[1m^[22m[39m[31m
[1m^[22m[39m[31m[1m^[22m
[39m[31m[1m^[22m[39m[31
m[1m^[22m[39m[31m[1m^[2
2m[39m[31m[1m^[22m[39m[
31m[1m^[22m[39m[31m[1m^
[22m[39m[31m[1m^[22m[39m
[31m[1m^[22m[39m[31m[1m
^[22m[39m[31m[1m^[22m[3
9m[31m[1m^[22m[39m[31m[
1m^[22m[39m[31m[1m^[22m
[39m[31m[1m^[22m[39m[31m
[1m^[22m[39m[31m[1m^[22
m[39m[31m[1m^[22m[39m[3
1m[1m^[22m[39m[31m[1m^[
22m[39m
 [90m 6 |[39m
 [90m 7 |[39m 
[36mexport[39m 
[36mconst[39m authOptions 
[33m=[39m {
 [90m 8 |[39m     
providers[33m:[39m [[0m



https://nextjs.org/docs/messa
ges/module-not-found


    at <unknown> (./app/api/a
uth/[...nextauth]/route.js:4:
1)
    at <unknown> (https://nex
tjs.org/docs/messages/module-
not-found)
    at <unknown> (./app/api/a
uth/[...nextauth]/route.js:5:
1)
    at <unknown> (https://nex
tjs.org/docs/messages/module-
not-found)
